2026-04-12 20:20:28  [INFO    ]  Tool started
2026-04-12 20:20:28  [DEBUG   ]  Using selector: KqueueSelector
2026-04-12 20:20:31  [DEBUG   ]  Using selector: KqueueSelector
2026-04-12 20:20:33  [INFO    ]  OK  — Proceeding ...
2026-04-12 20:20:33  [INFO    ]  User confirmed Feature C
2026-04-12 20:20:33  [DEBUG   ]  Using selector: KqueueSelector
2026-04-12 20:20:35  [DEBUG   ]  Using selector: KqueueSelector
2026-04-12 20:20:36  [INFO    ]  OK  — Running A2 ...
2026-04-12 20:20:36  [DEBUG   ]  Using selector: KqueueSelector
2026-04-12 20:20:37  [DEBUG   ]  Using selector: KqueueSelector
2026-04-12 20:20:39  [INFO    ]  OK  — You entered: 'hello'
2026-04-12 20:20:39  [INFO    ]  User input: hello
2026-04-12 20:20:39  [DEBUG   ]  Using selector: KqueueSelector
2026-04-12 20:20:41  [DEBUG   ]  Using selector: KqueueSelector
2026-04-12 20:20:42  [INFO    ]  OK  — Selected: Item 1, Item 2
2026-04-12 20:20:42  [INFO    ]  Multi-select result: ['Item 1', 'Item 2']
2026-04-12 20:20:42  [DEBUG   ]  Using selector: KqueueSelector
2026-04-12 20:20:44  [INFO    ]  Tool exited by user
2026-04-24 20:17:30  [INFO    ]  Tool started
2026-04-24 20:17:30  [DEBUG   ]  Using proactor: IocpProactor
2026-04-24 20:20:03  [INFO    ]  Tool exited by user
2026-04-24 20:25:15  [INFO    ]  Tool started
2026-04-24 20:25:15  [DEBUG   ]  Using proactor: IocpProactor
2026-04-24 20:26:06  [INFO    ]  Tool exited by user
2026-04-24 20:38:07  [INFO    ]  Tool started
2026-04-24 20:38:07  [DEBUG   ]  Using proactor: IocpProactor
2026-04-24 20:38:23  [INFO    ]  Tool exited by user
2026-04-24 20:43:26  [INFO    ]  Tool started
2026-04-24 20:43:26  [DEBUG   ]  Using proactor: IocpProactor
2026-04-24 20:46:40  [INFO    ]  Tool exited by user
2026-04-24 20:48:05  [INFO    ]  Guitar Practice Tool started
2026-04-24 20:48:05  [DEBUG   ]  Using proactor: IocpProactor
2026-04-24 20:48:30  [INFO    ]  Tool exited by user
2026-04-24 20:48:31  [INFO    ]  Guitar Practice Tool started
2026-04-24 20:48:31  [DEBUG   ]  Using proactor: IocpProactor
2026-04-24 20:48:59  [INFO    ]  Tool exited by user
